******************************************************************************
                  TI ARM Linker PC v18.1.1                     
******************************************************************************
>> Linked Wed Jun 20 17:03:32 2018

OUTPUT FILE NAME:   <Inverted-Wedge.out>
ENTRY POINT SYMBOL: "_c_int00_noargs"  address: 00001491


MEMORY CONFIGURATION

         name            origin    length      used     unused   attr    fill
----------------------  --------  ---------  --------  --------  ----  --------
  FLASH                 00000000   00040000  0000184d  0003e7b3  R  X
  SRAM                  20000000   00008000  0000023d  00007dc3  RW X


SEGMENT ALLOCATION MAP

run origin  load origin   length   init length attrs members
----------  ----------- ---------- ----------- ----- -------
00000000    00000000    00001850   00001850    r-x
  00000000    00000000    0000026c   0000026c    r-- .intvecs
  0000026c    0000026c    00001402   00001402    r-x .text
  00001670    00001670    0000019f   0000019f    r-- .const
  00001810    00001810    00000040   00000040    r-- .cinit
20000000    20000000    00000240   00000000    rw-
  20000000    20000000    00000200   00000000    rw- .stack
  20000200    20000200    00000035   00000000    rw- .data
  20000238    20000238    00000008   00000000    rw- .bss


SECTION ALLOCATION MAP

 output                                  attributes/
section   page    origin      length       input sections
--------  ----  ----------  ----------   ----------------
.intvecs   0    00000000    0000026c     
                  00000000    0000026c     tm4c123gh6pge_startup_ccs.obj (.intvecs)

.text      0    0000026c    00001402     
                  0000026c    000004dc     uartstdio.obj (.text)
                  00000748    00000250     main.obj (.text)
                  00000998    00000178     tm4cStepperDriver.obj (.text)
                  00000b10    00000136     rtsv7M4_T_le_v4SPD16_eabi.lib : fd_div_t2.asm.obj (.text)
                  00000c46    00000132     driverlib.lib : gpio.obj (.text:GPIOPadConfigSet)
                  00000d78    00000110                   : sysctl.obj (.text:SysCtlClockGet)
                  00000e88    0000010c     tm4cUart.obj (.text)
                  00000f94    000000f4     driverlib.lib : sysctl.obj (.text:SysCtlClockSet)
                  00001088    000000b8     inverted_Wedge_main.obj (.text)
                  00001140    0000009c     rtsv7M4_T_le_v4SPD16_eabi.lib : memcpy_t2.asm.obj (.text)
                  000011dc    0000006e                                   : fd_tos_t2.asm.obj (.text)
                  0000124a    00000002                                   : div0.asm.obj (.text)
                  0000124c    00000068     driverlib.lib : interrupt.obj (.text:IntEnable)
                  000012b4    00000068     rtsv7M4_T_le_v4SPD16_eabi.lib : copy_decompress_lzss.c.obj (.text:decompress:lzss:__TI_decompress_lzss)
                  0000131c    00000060     driverlib.lib : timer.obj (.text:TimerConfigure)
                  0000137c    00000048                   : gpio.obj (.text:GPIOPinConfigure)
                  000013c4    00000046                   : uart.obj (.text:UARTConfigSetExpClk)
                  0000140a    00000002     --HOLE-- [fill = 0]
                  0000140c    00000044     rtsv7M4_T_le_v4SPD16_eabi.lib : autoinit.c.obj (.text:__TI_auto_init_nobinit_nopinit:__TI_auto_init_nobinit_nopinit)
                  00001450    00000040                                   : u_divt2.asm.obj (.text)
                  00001490    00000038                                   : boot_cortex_m.c.obj (.text:_c_int00_noargs:_c_int00_noargs)
                  000014c8    00000034     driverlib.lib : sysctl.obj (.text:SysCtlPeripheralEnable)
                  000014fc    0000002e     rtsv7M4_T_le_v4SPD16_eabi.lib : i_tofd_t2.asm.obj (.text)
                  0000152a    0000002a     driverlib.lib : gpio.obj (.text:GPIODirModeSet)
                  00001554    00000020                   : uart.obj (.text:UARTDisable)
                  00001574    00000018                   : gpio.obj (.text:GPIOPinTypeGPIOOutput)
                  0000158c    00000014                   : uart.obj (.text:UARTEnable)
                  000015a0    00000012                   : gpio.obj (.text:GPIOPinTypeUART)
                  000015b2    00000012                   : timer.obj (.text:TimerLoadSet)
                  000015c4    00000012     rtsv7M4_T_le_v4SPD16_eabi.lib : copy_zero_init.c.obj (.text:decompress:ZI:__TI_zero_init_nomemset:__TI_zero_init_nomemset)
                  000015d6    00000010     driverlib.lib : interrupt.obj (.text:IntMasterEnable)
                  000015e6    0000000e                   : timer.obj (.text:TimerEnable)
                  000015f4    0000000e                   : uart.obj (.text:UARTCharsAvail)
                  00001602    0000000e     rtsv7M4_T_le_v4SPD16_eabi.lib : copy_decompress_none.c.obj (.text:decompress:none:__TI_decompress_none)
                  00001610    0000000c     driverlib.lib : cpu.obj (.text:CPUcpsie)
                  0000161c    0000000c     rtsv7M4_T_le_v4SPD16_eabi.lib : guard.c.obj (.text:__cxa_guard_acquire)
                  00001628    0000000c     tm4c123gh6pge_startup_ccs.obj (.text)
                  00001634    0000000a     driverlib.lib : uart.obj (.text:UARTCharGet)
                  0000163e    0000000a     rtsv7M4_T_le_v4SPD16_eabi.lib : guard.c.obj (.text:__cxa_guard_release)
                  00001648    00000008     driverlib.lib : timer.obj (.text:TimerIntEnable)
                  00001650    00000006                   : gpio.obj (.text:GPIOPinWrite)
                  00001656    00000006                   : sysctl.obj (.text:SysCtlDelay)
                  0000165c    00000006                   : uart.obj (.text:UARTClockSourceSet)
                  00001662    00000004                   : timer.obj (.text:TimerIntClear)
                  00001666    00000004     rtsv7M4_T_le_v4SPD16_eabi.lib : pre_init.c.obj (.text:_system_pre_init)
                  0000166a    00000004                                   : exit.c.obj (.text:abort:abort)

.const     0    00001670    0000019f     
                  00001670    00000090     driverlib.lib : gpio.obj (.const:g_pui32GPIOBaseAddrs)
                  00001700    00000070                   : interrupt.obj (.const)
                  00001770    0000006c                   : sysctl.obj (.const:g_pui32Xtals)
                  000017dc    00000012     uartstdio.obj (.const:.string)
                  000017ee    00000002     --HOLE-- [fill = 0]
                  000017f0    0000000c     uartstdio.obj (.const:g_ui32UARTBase)
                  000017fc    0000000c     uartstdio.obj (.const:g_ui32UARTPeriph)
                  00001808    00000004     uartstdio.obj (.const)
                  0000180c    00000003     inverted_Wedge_main.obj (.const:$P$T0$1)

.cinit     0    00001810    00000040     
                  00001810    0000001b     (.cinit..data.load) [load image, compression = lzss]
                  0000182b    00000001     --HOLE-- [fill = 0]
                  0000182c    0000000c     (__TI_handler_table)
                  00001838    00000008     (.cinit..bss.load) [load image, compression = zero_init]
                  00001840    00000010     (__TI_cinit_table)

.init_array 
*          0    00000000    00000000     UNINITIALIZED

.data      0    20000200    00000035     UNINITIALIZED
                  20000200    00000020     main.obj (.data)
                  20000220    00000008     main.obj (.data:dirPin)
                  20000228    00000008     main.obj (.data:stepPin)
                  20000230    00000005     uartstdio.obj (.data)

.bss       0    20000238    00000008     UNINITIALIZED
                  20000238    00000008     main.obj (.bss)

.stack     0    20000000    00000200     UNINITIALIZED
                  20000000    00000004     rtsv7M4_T_le_v4SPD16_eabi.lib : boot_cortex_m.c.obj (.stack)
                  20000004    000001fc     --HOLE--

MODULE SUMMARY

       Module                          code   ro data   rw data
       ------                          ----   -------   -------
    .\
       uartstdio.obj                   1244   46        5      
       main.obj                        592    0         56     
       tm4c123gh6pge_startup_ccs.obj   12     620       0      
       tm4cStepperDriver.obj           376    0         0      
       tm4cUart.obj                    268    0         0      
       inverted_Wedge_main.obj         184    3         0      
    +--+-------------------------------+------+---------+---------+
       Total:                          2676   669       61     
                                                               
    C:/ti/TivaWare_C_Series-2.1.4.178/driverlib/ccs/Debug/driverlib.lib
       sysctl.obj                      574    108       0      
       gpio.obj                        468    144       0      
       interrupt.obj                   120    112       0      
       uart.obj                        152    0         0      
       timer.obj                       140    0         0      
       cpu.obj                         12     0         0      
    +--+-------------------------------+------+---------+---------+
       Total:                          1466   364       0      
                                                               
    C:\TI_install\ccsv8\tools\compiler\ti-cgt-arm_18.1.1.LTS\lib\rtsv7M4_T_le_v4SPD16_eabi.lib
       fd_div_t2.asm.obj               310    0         0      
       memcpy_t2.asm.obj               156    0         0      
       fd_tos_t2.asm.obj               110    0         0      
       copy_decompress_lzss.c.obj      104    0         0      
       autoinit.c.obj                  68     0         0      
       u_divt2.asm.obj                 64     0         0      
       boot_cortex_m.c.obj             56     0         0      
       i_tofd_t2.asm.obj               46     0         0      
       guard.c.obj                     22     0         0      
       copy_zero_init.c.obj            18     0         0      
       copy_decompress_none.c.obj      14     0         0      
       exit.c.obj                      4      0         0      
       pre_init.c.obj                  4      0         0      
       div0.asm.obj                    2      0         0      
    +--+-------------------------------+------+---------+---------+
       Total:                          978    0         0      
                                                               
       Stack:                          0      0         512    
       Linker Generated:               0      63        0      
    +--+-------------------------------+------+---------+---------+
       Grand Total:                    5120   1096      573    


LINKER GENERATED COPY TABLES

__TI_cinit_table @ 00001840 records: 2, size/record: 8, table size: 16
	.data: load addr=00001810, load size=0000001b bytes, run addr=20000200, run size=00000035 bytes, compression=lzss
	.bss: load addr=00001838, load size=00000008 bytes, run addr=20000238, run size=00000008 bytes, compression=zero_init


LINKER GENERATED HANDLER TABLE

__TI_handler_table @ 0000182c records: 3, size/record: 4, table size: 12
	index: 0, handler: __TI_decompress_lzss
	index: 1, handler: __TI_decompress_none
	index: 2, handler: __TI_zero_init


GLOBAL SYMBOLS: SORTED ALPHABETICALLY BY Name 

address   name                             
-------   ----                             
0000166b  C$$EXIT                          
00001611  CPUcpsie                         
20000210  Control_D                        
20000214  Control_I                        
2000020c  Control_P                        
0000152b  GPIODirModeSet                   
00000c47  GPIOPadConfigSet                 
0000137d  GPIOPinConfigure                 
00001575  GPIOPinTypeGPIOOutput            
000015a1  GPIOPinTypeUART                  
00001651  GPIOPinWrite                     
0000124d  IntEnable                        
000015d7  IntMasterEnable                  
00001629  ResetISR                         
00000d79  SysCtlClockGet                   
00000f95  SysCtlClockSet                   
00001657  SysCtlDelay                      
000014c9  SysCtlPeripheralEnable           
0000131d  TimerConfigure                   
000015e7  TimerEnable                      
00001663  TimerIntClear                    
00001649  TimerIntEnable                   
000015b3  TimerLoadSet                     
00001635  UARTCharGet                      
000015f5  UARTCharsAvail                   
0000165d  UARTClockSourceSet               
000013c5  UARTConfigSetExpClk              
00001555  UARTDisable                      
0000158d  UARTEnable                       
0000026d  UARTStdioConfig                  
000003e5  UARTgetc                         
0000031f  UARTgets                         
00000713  UARTprintf                       
00000419  UARTvprintf                      
000002cd  UARTwrite                        
00000f1f  _Z11getGyroDataR9SysRecordRajj   
00000ecd  _Z12GyroUARTinitR9SysRecordjj    
00000e89  _Z13ConfigureUARTR9SysRecordj    
00000999  _ZN5Motor10motorSetupER9SysRecord
000009c3  _ZN5Motor16setupTimerAndIntEv    
00000a01  _ZN5Motor9motorTestER9SysRecord  
000010ab  _ZN9SysRecord8sysCheckEh         
00001089  _ZN9SysRecordC1Ej                
00001089  _ZN9SysRecordC2Ej                
20000200  __STACK_END                      
00000200  __STACK_SIZE                     
20000200  __STACK_TOP                      
00001840  __TI_CINIT_Base                  
00001850  __TI_CINIT_Limit                 
0000182c  __TI_Handler_Table_Base          
00001838  __TI_Handler_Table_Limit         
0000140d  __TI_auto_init_nobinit_nopinit   
000012b5  __TI_decompress_lzss             
00001603  __TI_decompress_none             
ffffffff  __TI_pprof_out_hndl              
ffffffff  __TI_prof_data_size              
ffffffff  __TI_prof_data_start             
00000000  __TI_static_base__               
000015c5  __TI_zero_init_nomemset          
000011dd  __aeabi_d2f                      
00000b11  __aeabi_ddiv                     
000014fd  __aeabi_i2d                      
0000124b  __aeabi_idiv0                    
0000124b  __aeabi_ldiv0                    
00001141  __aeabi_memcpy                   
00001141  __aeabi_memcpy4                  
00001141  __aeabi_memcpy8                  
00001451  __aeabi_uidiv                    
00001451  __aeabi_uidivmod                 
ffffffff  __binit__                        
ffffffff  __c_args__                       
0000161d  __cxa_guard_acquire              
0000163f  __cxa_guard_release              
UNDEFED   __mpu_init                       
20000000  __stack                          
00001491  _c_int00_noargs                  
UNDEFED   _system_post_cinit               
00001667  _system_pre_init                 
0000166b  abort                            
20000200  angle                            
ffffffff  binit                            
20000218  controlfactor                    
2000021c  controlfactor_                   
20000220  dirPin                           
20000204  error_d                          
20000208  error_i                          
20000201  error_p                          
00000000  g_pfnVectors                     
20000202  last_error_p                     
0000086b  main                             
00001141  memcpy                           
20000228  stepPin                          
00000749  stepperMotorInt                  


GLOBAL SYMBOLS: SORTED BY Symbol Address 

address   name                             
-------   ----                             
00000000  __TI_static_base__               
00000000  g_pfnVectors                     
00000200  __STACK_SIZE                     
0000026d  UARTStdioConfig                  
000002cd  UARTwrite                        
0000031f  UARTgets                         
000003e5  UARTgetc                         
00000419  UARTvprintf                      
00000713  UARTprintf                       
00000749  stepperMotorInt                  
0000086b  main                             
00000999  _ZN5Motor10motorSetupER9SysRecord
000009c3  _ZN5Motor16setupTimerAndIntEv    
00000a01  _ZN5Motor9motorTestER9SysRecord  
00000b11  __aeabi_ddiv                     
00000c47  GPIOPadConfigSet                 
00000d79  SysCtlClockGet                   
00000e89  _Z13ConfigureUARTR9SysRecordj    
00000ecd  _Z12GyroUARTinitR9SysRecordjj    
00000f1f  _Z11getGyroDataR9SysRecordRajj   
00000f95  SysCtlClockSet                   
00001089  _ZN9SysRecordC1Ej                
00001089  _ZN9SysRecordC2Ej                
000010ab  _ZN9SysRecord8sysCheckEh         
00001141  __aeabi_memcpy                   
00001141  __aeabi_memcpy4                  
00001141  __aeabi_memcpy8                  
00001141  memcpy                           
000011dd  __aeabi_d2f                      
0000124b  __aeabi_idiv0                    
0000124b  __aeabi_ldiv0                    
0000124d  IntEnable                        
000012b5  __TI_decompress_lzss             
0000131d  TimerConfigure                   
0000137d  GPIOPinConfigure                 
000013c5  UARTConfigSetExpClk              
0000140d  __TI_auto_init_nobinit_nopinit   
00001451  __aeabi_uidiv                    
00001451  __aeabi_uidivmod                 
00001491  _c_int00_noargs                  
000014c9  SysCtlPeripheralEnable           
000014fd  __aeabi_i2d                      
0000152b  GPIODirModeSet                   
00001555  UARTDisable                      
00001575  GPIOPinTypeGPIOOutput            
0000158d  UARTEnable                       
000015a1  GPIOPinTypeUART                  
000015b3  TimerLoadSet                     
000015c5  __TI_zero_init_nomemset          
000015d7  IntMasterEnable                  
000015e7  TimerEnable                      
000015f5  UARTCharsAvail                   
00001603  __TI_decompress_none             
00001611  CPUcpsie                         
0000161d  __cxa_guard_acquire              
00001629  ResetISR                         
00001635  UARTCharGet                      
0000163f  __cxa_guard_release              
00001649  TimerIntEnable                   
00001651  GPIOPinWrite                     
00001657  SysCtlDelay                      
0000165d  UARTClockSourceSet               
00001663  TimerIntClear                    
00001667  _system_pre_init                 
0000166b  C$$EXIT                          
0000166b  abort                            
0000182c  __TI_Handler_Table_Base          
00001838  __TI_Handler_Table_Limit         
00001840  __TI_CINIT_Base                  
00001850  __TI_CINIT_Limit                 
20000000  __stack                          
20000200  __STACK_END                      
20000200  __STACK_TOP                      
20000200  angle                            
20000201  error_p                          
20000202  last_error_p                     
20000204  error_d                          
20000208  error_i                          
2000020c  Control_P                        
20000210  Control_D                        
20000214  Control_I                        
20000218  controlfactor                    
2000021c  controlfactor_                   
20000220  dirPin                           
20000228  stepPin                          
ffffffff  __TI_pprof_out_hndl              
ffffffff  __TI_prof_data_size              
ffffffff  __TI_prof_data_start             
ffffffff  __binit__                        
ffffffff  __c_args__                       
ffffffff  binit                            
UNDEFED   __mpu_init                       
UNDEFED   _system_post_cinit               

[93 symbols]
